C:\Users\Jay\Documents\FinPulse\backend\routes\stocks.py:48: FastAPIDeprecationWarning: `regex` has been deprecated, please use `pattern` instead
  period: str = Query("1y", regex="^(1mo|3mo|6mo|1y|2y|5y)$"),
INFO:     Will watch for changes in these directories: ['C:\\Users\\Jay\\Documents\\FinPulse']
INFO:     Uvicorn running on http://0.0.0.0:8000 (Press CTRL+C to quit)
INFO:     Started reloader process [37048] using StatReload
C:\Users\Jay\Documents\FinPulse\backend\routes\stocks.py:48: FastAPIDeprecationWarning: `regex` has been deprecated, please use `pattern` instead
  period: str = Query("1y", regex="^(1mo|3mo|6mo|1y|2y|5y)$"),
INFO:     Started server process [37188]
INFO:     Waiting for application startup.
2026-07-25 17:37:26,429 - backend.main - INFO - Database tables ensured.
2026-07-25 17:37:26,430 - backend.main - INFO - Background: starting initial data load...
INFO:     Application startup complete.
2026-07-25 17:37:26,430 - backend.services.updater - INFO - Starting initial data load...
2026-07-25 17:37:26,460 - backend.services.updater - INFO - Fetching historical data for RELIANCE.NS...
2026-07-25 17:37:27,467 - backend.services.data_fetcher - INFO - Stored 250 new price rows for RELIANCE.NS
2026-07-25 17:37:27,468 - backend.services.updater - INFO - Fetching historical data for TCS.NS...
2026-07-25 17:37:28,022 - backend.services.data_fetcher - INFO - Stored 250 new price rows for TCS.NS
2026-07-25 17:37:28,022 - backend.services.updater - INFO - Fetching historical data for HDFCBANK.NS...
2026-07-25 17:37:28,595 - backend.services.data_fetcher - INFO - Stored 250 new price rows for HDFCBANK.NS
2026-07-25 17:37:28,595 - backend.services.updater - INFO - Fetching historical data for INFY.NS...
2026-07-25 17:37:29,186 - backend.services.data_fetcher - INFO - Stored 250 new price rows for INFY.NS
2026-07-25 17:37:29,186 - backend.services.updater - INFO - Fetching historical data for ICICIBANK.NS...
2026-07-25 17:37:29,736 - backend.services.data_fetcher - INFO - Stored 250 new price rows for ICICIBANK.NS
2026-07-25 17:37:29,737 - backend.services.updater - INFO - Fetching historical data for HINDUNILVR.NS...
2026-07-25 17:37:30,311 - backend.services.data_fetcher - INFO - Stored 250 new price rows for HINDUNILVR.NS
2026-07-25 17:37:30,312 - backend.services.updater - INFO - Fetching historical data for ITC.NS...
2026-07-25 17:37:30,879 - backend.services.data_fetcher - INFO - Stored 250 new price rows for ITC.NS
2026-07-25 17:37:30,879 - backend.services.updater - INFO - Fetching historical data for SBIN.NS...
2026-07-25 17:37:31,556 - backend.services.data_fetcher - INFO - Stored 250 new price rows for SBIN.NS
2026-07-25 17:37:31,557 - backend.services.updater - INFO - Fetching historical data for BHARTIARTL.NS...
2026-07-25 17:37:32,198 - backend.services.data_fetcher - INFO - Stored 250 new price rows for BHARTIARTL.NS
2026-07-25 17:37:32,199 - backend.services.updater - INFO - Fetching historical data for KOTAKBANK.NS...
2026-07-25 17:37:32,761 - backend.services.data_fetcher - INFO - Stored 250 new price rows for KOTAKBANK.NS
2026-07-25 17:37:32,762 - backend.services.updater - INFO - Fetching historical data for LT.NS...
2026-07-25 17:37:33,425 - backend.services.data_fetcher - INFO - Stored 250 new price rows for LT.NS
2026-07-25 17:37:33,426 - backend.services.updater - INFO - Fetching historical data for AXISBANK.NS...
2026-07-25 17:37:34,028 - backend.services.data_fetcher - INFO - Stored 250 new price rows for AXISBANK.NS
2026-07-25 17:37:34,029 - backend.services.updater - INFO - Fetching historical data for ASIANPAINT.NS...
2026-07-25 17:37:34,750 - backend.services.data_fetcher - INFO - Stored 250 new price rows for ASIANPAINT.NS
2026-07-25 17:37:34,751 - backend.services.updater - INFO - Fetching historical data for MARUTI.NS...
2026-07-25 17:37:35,367 - backend.services.data_fetcher - INFO - Stored 250 new price rows for MARUTI.NS
2026-07-25 17:37:35,368 - backend.services.updater - INFO - Fetching historical data for HCLTECH.NS...
2026-07-25 17:37:36,130 - backend.services.data_fetcher - INFO - Stored 250 new price rows for HCLTECH.NS
2026-07-25 17:37:36,131 - backend.services.updater - INFO - Fetching historical data for SUNPHARMA.NS...
2026-07-25 17:37:36,732 - backend.services.data_fetcher - INFO - Stored 250 new price rows for SUNPHARMA.NS
2026-07-25 17:37:36,733 - backend.services.updater - INFO - Fetching historical data for TATAMOTORS.NS...
2026-07-25 17:37:37,702 - yfinance - ERROR - HTTP Error 404: {"quoteSummary":{"result":null,"error":{"code":"Not Found","description":"Quote not found for symbol: TATAMOTORS.NS"}}}
2026-07-25 17:37:38,401 - yfinance - ERROR - $TATAMOTORS.NS: possibly delisted; no price data found  (period=1y) (Yahoo error = "No data found, symbol may be delisted")
2026-07-25 17:37:38,404 - backend.services.data_fetcher - WARNING - No historical data for TATAMOTORS.NS
2026-07-25 17:37:38,405 - backend.services.updater - INFO - Fetching historical data for WIPRO.NS...
2026-07-25 17:37:39,018 - backend.services.data_fetcher - INFO - Stored 250 new price rows for WIPRO.NS
2026-07-25 17:37:39,019 - backend.services.updater - INFO - Fetching historical data for ULTRACEMCO.NS...
2026-07-25 17:37:39,691 - backend.services.data_fetcher - INFO - Stored 250 new price rows for ULTRACEMCO.NS
2026-07-25 17:37:39,692 - backend.services.updater - INFO - Fetching historical data for NTPC.NS...
2026-07-25 17:37:40,391 - backend.services.data_fetcher - INFO - Stored 250 new price rows for NTPC.NS
2026-07-25 17:37:40,392 - backend.services.updater - INFO - Fetching fundamentals for RELIANCE.NS...
2026-07-25 17:37:40,777 - backend.services.data_fetcher - INFO - Stored fundamentals for RELIANCE.NS
2026-07-25 17:37:40,778 - backend.services.updater - INFO - Fetching fundamentals for TCS.NS...
2026-07-25 17:37:41,167 - backend.services.data_fetcher - INFO - Stored fundamentals for TCS.NS
2026-07-25 17:37:41,168 - backend.services.updater - INFO - Fetching fundamentals for HDFCBANK.NS...
2026-07-25 17:37:41,430 - backend.services.data_fetcher - INFO - Stored fundamentals for HDFCBANK.NS
2026-07-25 17:37:41,430 - backend.services.updater - INFO - Fetching fundamentals for INFY.NS...
2026-07-25 17:37:41,698 - backend.services.data_fetcher - INFO - Stored fundamentals for INFY.NS
2026-07-25 17:37:41,698 - backend.services.updater - INFO - Fetching fundamentals for ICICIBANK.NS...
2026-07-25 17:37:42,074 - backend.services.data_fetcher - INFO - Stored fundamentals for ICICIBANK.NS
2026-07-25 17:37:42,074 - backend.services.updater - INFO - Fetching fundamentals for HINDUNILVR.NS...
2026-07-25 17:37:42,553 - backend.services.data_fetcher - INFO - Stored fundamentals for HINDUNILVR.NS
2026-07-25 17:37:42,553 - backend.services.updater - INFO - Fetching fundamentals for ITC.NS...
2026-07-25 17:37:43,000 - backend.services.data_fetcher - INFO - Stored fundamentals for ITC.NS
2026-07-25 17:37:43,001 - backend.services.updater - INFO - Fetching fundamentals for SBIN.NS...
2026-07-25 17:37:43,275 - backend.services.data_fetcher - INFO - Stored fundamentals for SBIN.NS
2026-07-25 17:37:43,275 - backend.services.updater - INFO - Fetching fundamentals for BHARTIARTL.NS...
2026-07-25 17:37:43,536 - backend.services.data_fetcher - INFO - Stored fundamentals for BHARTIARTL.NS
2026-07-25 17:37:43,537 - backend.services.updater - INFO - Fetching fundamentals for KOTAKBANK.NS...
2026-07-25 17:37:43,908 - backend.services.data_fetcher - INFO - Stored fundamentals for KOTAKBANK.NS
2026-07-25 17:37:43,908 - backend.services.updater - INFO - Fetching fundamentals for LT.NS...
2026-07-25 17:37:44,271 - backend.services.data_fetcher - INFO - Stored fundamentals for LT.NS
2026-07-25 17:37:44,271 - backend.services.updater - INFO - Fetching fundamentals for AXISBANK.NS...
2026-07-25 17:37:44,531 - backend.services.data_fetcher - INFO - Stored fundamentals for AXISBANK.NS
2026-07-25 17:37:44,532 - backend.services.updater - INFO - Fetching fundamentals for ASIANPAINT.NS...
2026-07-25 17:37:44,964 - backend.services.data_fetcher - INFO - Stored fundamentals for ASIANPAINT.NS
2026-07-25 17:37:44,965 - backend.services.updater - INFO - Fetching fundamentals for MARUTI.NS...
2026-07-25 17:37:45,236 - backend.services.data_fetcher - INFO - Stored fundamentals for MARUTI.NS
2026-07-25 17:37:45,237 - backend.services.updater - INFO - Fetching fundamentals for HCLTECH.NS...
2026-07-25 17:37:45,613 - backend.services.data_fetcher - INFO - Stored fundamentals for HCLTECH.NS
2026-07-25 17:37:45,613 - backend.services.updater - INFO - Fetching fundamentals for SUNPHARMA.NS...
2026-07-25 17:37:45,988 - backend.services.data_fetcher - INFO - Stored fundamentals for SUNPHARMA.NS
2026-07-25 17:37:45,989 - backend.services.updater - INFO - Fetching fundamentals for TATAMOTORS.NS...
2026-07-25 17:37:46,416 - yfinance - ERROR - HTTP Error 404: {"quoteSummary":{"result":null,"error":{"code":"Not Found","description":"Quote not found for symbol: TATAMOTORS.NS"}}}
2026-07-25 17:37:46,510 - backend.services.data_fetcher - INFO - Stored fundamentals for TATAMOTORS.NS
2026-07-25 17:37:46,510 - backend.services.updater - INFO - Fetching fundamentals for WIPRO.NS...
2026-07-25 17:37:46,779 - backend.services.data_fetcher - INFO - Stored fundamentals for WIPRO.NS
2026-07-25 17:37:46,780 - backend.services.updater - INFO - Fetching fundamentals for ULTRACEMCO.NS...
2026-07-25 17:37:47,268 - backend.services.data_fetcher - INFO - Stored fundamentals for ULTRACEMCO.NS
2026-07-25 17:37:47,269 - backend.services.updater - INFO - Fetching fundamentals for NTPC.NS...
2026-07-25 17:37:47,546 - backend.services.data_fetcher - INFO - Stored fundamentals for NTPC.NS
2026-07-25 17:37:47,547 - backend.services.updater - INFO - Initial data load complete.
2026-07-25 17:37:47,547 - backend.main - INFO - Background: initial data load finished.
WARNING:  StatReload detected changes in 'backend\routes\stocks.py'. Reloading...
INFO:     Shutting down
INFO:     Waiting for application shutdown.
INFO:     Application shutdown complete.
INFO:     Finished server process [37188]
INFO:     Started server process [42344]
INFO:     Waiting for application startup.
2026-07-25 18:55:04,863 - backend.main - INFO - Database tables ensured.
2026-07-25 18:55:04,865 - backend.main - INFO - Background: starting initial data load...
INFO:     Application startup complete.
2026-07-25 18:55:04,865 - backend.services.updater - INFO - Starting initial data load...
2026-07-25 18:55:04,897 - backend.services.updater - INFO - Fetching historical data for RELIANCE.NS...
2026-07-25 18:55:06,291 - backend.services.data_fetcher - INFO - Stored 0 new price rows for RELIANCE.NS
2026-07-25 18:55:06,295 - backend.services.updater - INFO - Fetching historical data for TCS.NS...
2026-07-25 18:55:06,854 - backend.services.data_fetcher - INFO - Stored 0 new price rows for TCS.NS
2026-07-25 18:55:06,858 - backend.services.updater - INFO - Fetching historical data for HDFCBANK.NS...
2026-07-25 18:55:07,447 - backend.services.data_fetcher - INFO - Stored 0 new price rows for HDFCBANK.NS
2026-07-25 18:55:07,449 - backend.services.updater - INFO - Fetching historical data for INFY.NS...
2026-07-25 18:55:08,133 - backend.services.data_fetcher - INFO - Stored 0 new price rows for INFY.NS
2026-07-25 18:55:08,136 - backend.services.updater - INFO - Fetching historical data for ICICIBANK.NS...
2026-07-25 18:55:08,710 - backend.services.data_fetcher - INFO - Stored 0 new price rows for ICICIBANK.NS
2026-07-25 18:55:08,711 - backend.services.updater - INFO - Fetching historical data for HINDUNILVR.NS...
2026-07-25 18:55:09,292 - backend.services.data_fetcher - INFO - Stored 0 new price rows for HINDUNILVR.NS
2026-07-25 18:55:09,293 - backend.services.updater - INFO - Fetching historical data for ITC.NS...
2026-07-25 18:55:09,927 - backend.services.data_fetcher - INFO - Stored 0 new price rows for ITC.NS
2026-07-25 18:55:09,931 - backend.services.updater - INFO - Fetching historical data for SBIN.NS...
2026-07-25 18:55:10,501 - backend.services.data_fetcher - INFO - Stored 0 new price rows for SBIN.NS
2026-07-25 18:55:10,506 - backend.services.updater - INFO - Fetching historical data for BHARTIARTL.NS...
2026-07-25 18:55:11,054 - backend.services.data_fetcher - INFO - Stored 0 new price rows for BHARTIARTL.NS
2026-07-25 18:55:11,058 - backend.services.updater - INFO - Fetching historical data for KOTAKBANK.NS...
2026-07-25 18:55:11,654 - backend.services.data_fetcher - INFO - Stored 0 new price rows for KOTAKBANK.NS
2026-07-25 18:55:11,656 - backend.services.updater - INFO - Fetching historical data for LT.NS...
2026-07-25 18:55:12,190 - backend.services.data_fetcher - INFO - Stored 0 new price rows for LT.NS
2026-07-25 18:55:12,191 - backend.services.updater - INFO - Fetching historical data for AXISBANK.NS...
2026-07-25 18:55:12,704 - backend.services.data_fetcher - INFO - Stored 0 new price rows for AXISBANK.NS
2026-07-25 18:55:12,708 - backend.services.updater - INFO - Fetching historical data for ASIANPAINT.NS...
2026-07-25 18:55:13,389 - backend.services.data_fetcher - INFO - Stored 0 new price rows for ASIANPAINT.NS
2026-07-25 18:55:13,390 - backend.services.updater - INFO - Fetching historical data for MARUTI.NS...
2026-07-25 18:55:14,126 - backend.services.data_fetcher - INFO - Stored 0 new price rows for MARUTI.NS
2026-07-25 18:55:14,128 - backend.services.updater - INFO - Fetching historical data for HCLTECH.NS...
2026-07-25 18:55:14,819 - backend.services.data_fetcher - INFO - Stored 0 new price rows for HCLTECH.NS
2026-07-25 18:55:14,820 - backend.services.updater - INFO - Fetching historical data for SUNPHARMA.NS...
2026-07-25 18:55:15,474 - backend.services.data_fetcher - INFO - Stored 0 new price rows for SUNPHARMA.NS
2026-07-25 18:55:15,476 - backend.services.updater - INFO - Fetching historical data for TATAMOTORS.NS...
2026-07-25 18:55:16,834 - yfinance - ERROR - HTTP Error 404: {"quoteSummary":{"result":null,"error":{"code":"Not Found","description":"Quote not found for symbol: TATAMOTORS.NS"}}}
2026-07-25 18:55:17,483 - yfinance - ERROR - $TATAMOTORS.NS: possibly delisted; no price data found  (period=1y) (Yahoo error = "No data found, symbol may be delisted")
2026-07-25 18:55:17,486 - backend.services.data_fetcher - WARNING - No historical data for TATAMOTORS.NS
2026-07-25 18:55:17,486 - backend.services.updater - INFO - Fetching historical data for WIPRO.NS...
2026-07-25 18:55:18,116 - backend.services.data_fetcher - INFO - Stored 0 new price rows for WIPRO.NS
2026-07-25 18:55:18,118 - backend.services.updater - INFO - Fetching historical data for ULTRACEMCO.NS...
2026-07-25 18:55:18,785 - backend.services.data_fetcher - INFO - Stored 0 new price rows for ULTRACEMCO.NS
2026-07-25 18:55:18,787 - backend.services.updater - INFO - Fetching historical data for NTPC.NS...
2026-07-25 18:55:19,369 - backend.services.data_fetcher - INFO - Stored 0 new price rows for NTPC.NS
2026-07-25 18:55:19,371 - backend.services.updater - INFO - Fetching fundamentals for RELIANCE.NS...
2026-07-25 18:55:19,652 - backend.services.data_fetcher - INFO - Stored fundamentals for RELIANCE.NS
2026-07-25 18:55:19,653 - backend.services.updater - INFO - Fetching fundamentals for TCS.NS...
2026-07-25 18:55:19,928 - backend.services.data_fetcher - INFO - Stored fundamentals for TCS.NS
2026-07-25 18:55:19,929 - backend.services.updater - INFO - Fetching fundamentals for HDFCBANK.NS...
2026-07-25 18:55:20,313 - backend.services.data_fetcher - INFO - Stored fundamentals for HDFCBANK.NS
2026-07-25 18:55:20,314 - backend.services.updater - INFO - Fetching fundamentals for INFY.NS...
2026-07-25 18:55:20,583 - backend.services.data_fetcher - INFO - Stored fundamentals for INFY.NS
2026-07-25 18:55:20,584 - backend.services.updater - INFO - Fetching fundamentals for ICICIBANK.NS...
2026-07-25 18:55:20,968 - backend.services.data_fetcher - INFO - Stored fundamentals for ICICIBANK.NS
2026-07-25 18:55:20,970 - backend.services.updater - INFO - Fetching fundamentals for HINDUNILVR.NS...
2026-07-25 18:55:21,249 - backend.services.data_fetcher - INFO - Stored fundamentals for HINDUNILVR.NS
2026-07-25 18:55:21,250 - backend.services.updater - INFO - Fetching fundamentals for ITC.NS...
2026-07-25 18:55:21,522 - backend.services.data_fetcher - INFO - Stored fundamentals for ITC.NS
2026-07-25 18:55:21,523 - backend.services.updater - INFO - Fetching fundamentals for SBIN.NS...
2026-07-25 18:55:21,911 - backend.services.data_fetcher - INFO - Stored fundamentals for SBIN.NS
2026-07-25 18:55:21,912 - backend.services.updater - INFO - Fetching fundamentals for BHARTIARTL.NS...
2026-07-25 18:55:22,192 - backend.services.data_fetcher - INFO - Stored fundamentals for BHARTIARTL.NS
2026-07-25 18:55:22,222 - backend.services.updater - INFO - Fetching fundamentals for KOTAKBANK.NS...
2026-07-25 18:55:22,490 - backend.services.data_fetcher - INFO - Stored fundamentals for KOTAKBANK.NS
2026-07-25 18:55:22,491 - backend.services.updater - INFO - Fetching fundamentals for LT.NS...
2026-07-25 18:55:22,920 - backend.services.data_fetcher - INFO - Stored fundamentals for LT.NS
2026-07-25 18:55:22,923 - backend.services.updater - INFO - Fetching fundamentals for AXISBANK.NS...
2026-07-25 18:55:23,223 - backend.services.data_fetcher - INFO - Stored fundamentals for AXISBANK.NS
2026-07-25 18:55:23,223 - backend.services.updater - INFO - Fetching fundamentals for ASIANPAINT.NS...
2026-07-25 18:55:23,718 - backend.services.data_fetcher - INFO - Stored fundamentals for ASIANPAINT.NS
2026-07-25 18:55:23,719 - backend.services.updater - INFO - Fetching fundamentals for MARUTI.NS...
2026-07-25 18:55:24,004 - backend.services.data_fetcher - INFO - Stored fundamentals for MARUTI.NS
2026-07-25 18:55:24,005 - backend.services.updater - INFO - Fetching fundamentals for HCLTECH.NS...
2026-07-25 18:55:24,289 - backend.services.data_fetcher - INFO - Stored fundamentals for HCLTECH.NS
2026-07-25 18:55:24,290 - backend.services.updater - INFO - Fetching fundamentals for SUNPHARMA.NS...
2026-07-25 18:55:24,564 - backend.services.data_fetcher - INFO - Stored fundamentals for SUNPHARMA.NS
2026-07-25 18:55:24,566 - backend.services.updater - INFO - Fetching fundamentals for TATAMOTORS.NS...
2026-07-25 18:55:25,028 - yfinance - ERROR - HTTP Error 404: {"quoteSummary":{"result":null,"error":{"code":"Not Found","description":"Quote not found for symbol: TATAMOTORS.NS"}}}
2026-07-25 18:55:25,115 - backend.services.data_fetcher - INFO - Stored fundamentals for TATAMOTORS.NS
2026-07-25 18:55:25,116 - backend.services.updater - INFO - Fetching fundamentals for WIPRO.NS...
2026-07-25 18:55:25,390 - backend.services.data_fetcher - INFO - Stored fundamentals for WIPRO.NS
2026-07-25 18:55:25,391 - backend.services.updater - INFO - Fetching fundamentals for ULTRACEMCO.NS...
2026-07-25 18:55:25,682 - backend.services.data_fetcher - INFO - Stored fundamentals for ULTRACEMCO.NS
2026-07-25 18:55:25,683 - backend.services.updater - INFO - Fetching fundamentals for NTPC.NS...
2026-07-25 18:55:25,954 - backend.services.data_fetcher - INFO - Stored fundamentals for NTPC.NS
2026-07-25 18:55:25,958 - backend.services.updater - INFO - Initial data load complete.
2026-07-25 18:55:25,960 - backend.main - INFO - Background: initial data load finished.
